<?xml version="1.0"?>
<link_info>
   <banner>TMS320C6x Linker PC v8.2.1</banner>
   <copyright>Copyright (c) 1996-2017 Texas Instruments Incorporated</copyright>
   <link_time>0x5a9ebed3</link_time>
   <link_errors>0x0</link_errors>
   <output_file>ANC_MOD3.out</output_file>
   <entry_point>
      <name>_c_int00</name>
      <address>0xc0000000</address>
   </entry_point>
   <input_file_list>
      <input_file id="fl-2">
         <path>.\</path>
         <kind>object</kind>
         <file>AncProc.obj</file>
         <name>AncProc.obj</name>
      </input_file>
      <input_file id="fl-3">
         <path>.\</path>
         <kind>object</kind>
         <file>ConstVar.obj</file>
         <name>ConstVar.obj</name>
      </input_file>
      <input_file id="fl-4">
         <path>.\</path>
         <kind>object</kind>
         <file>aic3106_init.obj</file>
         <name>aic3106_init.obj</name>
      </input_file>
      <input_file id="fl-5">
         <path>.\</path>
         <kind>object</kind>
         <file>codecif.obj</file>
         <name>codecif.obj</name>
      </input_file>
      <input_file id="fl-6">
         <path>.\</path>
         <kind>object</kind>
         <file>main.obj</file>
         <name>main.obj</name>
      </input_file>
      <input_file id="fl-7">
         <path>.\</path>
         <kind>object</kind>
         <file>mcasp_init.obj</file>
         <name>mcasp_init.obj</name>
      </input_file>
      <input_file id="fl-8">
         <path>.\</path>
         <kind>object</kind>
         <file>siso_data.obj</file>
         <name>siso_data.obj</name>
      </input_file>
      <input_file id="fl-9">
         <path>.\</path>
         <kind>object</kind>
         <file>spmod_data.obj</file>
         <name>spmod_data.obj</name>
      </input_file>
      <input_file id="fl-11">
         <kind>object</kind>
         <file>&lt;internal&gt;</file>
         <name>&lt;internal&gt;</name>
      </input_file>
      <input_file id="fl-2b">
         <path>C:\ti\ccsv7\tools\compiler\ti-cgt-c6000_8.2.1\lib\</path>
         <kind>archive</kind>
         <file>rts6740_elf.lib</file>
         <name>boot.obj</name>
      </input_file>
      <input_file id="fl-2c">
         <path>C:\ti\ccsv7\tools\compiler\ti-cgt-c6000_8.2.1\lib\</path>
         <kind>archive</kind>
         <file>rts6740_elf.lib</file>
         <name>copy_decompress_none.obj</name>
      </input_file>
      <input_file id="fl-2d">
         <path>C:\ti\ccsv7\tools\compiler\ti-cgt-c6000_8.2.1\lib\</path>
         <kind>archive</kind>
         <file>rts6740_elf.lib</file>
         <name>copy_decompress_rle.obj</name>
      </input_file>
      <input_file id="fl-2e">
         <path>C:\ti\ccsv7\tools\compiler\ti-cgt-c6000_8.2.1\lib\</path>
         <kind>archive</kind>
         <file>rts6740_elf.lib</file>
         <name>copy_zero_init.obj</name>
      </input_file>
      <input_file id="fl-2f">
         <path>C:\ti\ccsv7\tools\compiler\ti-cgt-c6000_8.2.1\lib\</path>
         <kind>archive</kind>
         <file>rts6740_elf.lib</file>
         <name>divf.obj</name>
      </input_file>
      <input_file id="fl-30">
         <path>C:\ti\ccsv7\tools\compiler\ti-cgt-c6000_8.2.1\lib\</path>
         <kind>archive</kind>
         <file>rts6740_elf.lib</file>
         <name>exit.obj</name>
      </input_file>
      <input_file id="fl-31">
         <path>C:\ti\ccsv7\tools\compiler\ti-cgt-c6000_8.2.1\lib\</path>
         <kind>archive</kind>
         <file>rts6740_elf.lib</file>
         <name>memcpy64.obj</name>
      </input_file>
      <input_file id="fl-32">
         <path>C:\ti\ccsv7\tools\compiler\ti-cgt-c6000_8.2.1\lib\</path>
         <kind>archive</kind>
         <file>rts6740_elf.lib</file>
         <name>memset.obj</name>
      </input_file>
      <input_file id="fl-33">
         <path>C:\ti\ccsv7\tools\compiler\ti-cgt-c6000_8.2.1\lib\</path>
         <kind>archive</kind>
         <file>rts6740_elf.lib</file>
         <name>pre_init.obj</name>
      </input_file>
      <input_file id="fl-34">
         <path>C:\ti\ccsv7\tools\compiler\ti-cgt-c6000_8.2.1\lib\</path>
         <kind>archive</kind>
         <file>rts6740_elf.lib</file>
         <name>args_main.obj</name>
      </input_file>
      <input_file id="fl-35">
         <path>C:\ti\ccsv7\tools\compiler\ti-cgt-c6000_8.2.1\lib\</path>
         <kind>archive</kind>
         <file>rts6740_elf.lib</file>
         <name>autoinit.obj</name>
      </input_file>
      <input_file id="fl-36">
         <path>C:\ti\ccsv7\tools\compiler\ti-cgt-c6000_8.2.1\lib\</path>
         <kind>archive</kind>
         <file>rts6740_elf.lib</file>
         <name>cpy_tbl.obj</name>
      </input_file>
      <input_file id="fl-37">
         <path>C:\ti\ccsv7\tools\compiler\ti-cgt-c6000_8.2.1\lib\</path>
         <kind>archive</kind>
         <file>rts6740_elf.lib</file>
         <name>startup.obj</name>
      </input_file>
      <input_file id="fl-38">
         <path>C:\ti\ccsv7\tools\compiler\ti-cgt-c6000_8.2.1\lib\</path>
         <kind>archive</kind>
         <file>rts6740_elf.lib</file>
         <name>tls.obj</name>
      </input_file>
      <input_file id="fl-39">
         <path>C:\ti\ccsv7\tools\compiler\ti-cgt-c6000_8.2.1\lib\</path>
         <kind>archive</kind>
         <file>rts6740_elf.lib</file>
         <name>tls_get_tp.obj</name>
      </input_file>
      <input_file id="fl-3a">
         <path>..\..\..\Library\Platform\Debug\</path>
         <kind>archive</kind>
         <file>Platform.lib</file>
         <name>McASP.obj</name>
      </input_file>
      <input_file id="fl-3b">
         <path>..\..\..\Library\Platform\Debug\</path>
         <kind>archive</kind>
         <file>Platform.lib</file>
         <name>I2C.obj</name>
      </input_file>
      <input_file id="fl-3c">
         <path>..\..\..\Library\StarterWare\SystemConfig\Debug\</path>
         <kind>archive</kind>
         <file>system_config.lib</file>
         <name>interrupt.obj</name>
      </input_file>
      <input_file id="fl-3d">
         <path>..\..\..\Library\StarterWare\SystemConfig\Debug\</path>
         <kind>archive</kind>
         <file>system_config.lib</file>
         <name>cache.obj</name>
      </input_file>
      <input_file id="fl-3e">
         <path>..\..\..\Library\StarterWare\SystemConfig\Debug\</path>
         <kind>archive</kind>
         <file>system_config.lib</file>
         <name>intvecs.obj</name>
      </input_file>
      <input_file id="fl-3f">
         <path>..\..\..\Library\StarterWare\utils\Debug\</path>
         <kind>archive</kind>
         <file>utils.lib</file>
         <name>uartStdio.obj</name>
      </input_file>
      <input_file id="fl-40">
         <path>..\..\..\Library\StarterWare\Drivers\Debug\</path>
         <kind>archive</kind>
         <file>drivers.lib</file>
         <name>psc.obj</name>
      </input_file>
      <input_file id="fl-41">
         <path>..\..\..\Library\StarterWare\Drivers\Debug\</path>
         <kind>archive</kind>
         <file>drivers.lib</file>
         <name>mcasp.obj</name>
      </input_file>
      <input_file id="fl-42">
         <path>..\..\..\Library\StarterWare\Drivers\Debug\</path>
         <kind>archive</kind>
         <file>drivers.lib</file>
         <name>i2c.obj</name>
      </input_file>
      <input_file id="fl-43">
         <path>C:\ti\ccsv7\tools\compiler\ti-cgt-c6000_8.2.1\lib\</path>
         <kind>archive</kind>
         <file>rts6740_elf.lib</file>
         <name>divu.obj</name>
      </input_file>
      <input_file id="fl-44">
         <path>C:\ti\ccsv7\tools\compiler\ti-cgt-c6000_8.2.1\lib\</path>
         <kind>archive</kind>
         <file>rts6740_elf.lib</file>
         <name>remu.obj</name>
      </input_file>
      <input_file id="fl-45">
         <path>..\..\..\Library\Platform\Debug\</path>
         <kind>archive</kind>
         <file>Platform.lib</file>
         <name>UARTConsole.obj</name>
      </input_file>
      <input_file id="fl-46">
         <path>..\..\..\Library\Platform\Debug\</path>
         <kind>archive</kind>
         <file>Platform.lib</file>
         <name>UART.obj</name>
      </input_file>
      <input_file id="fl-47">
         <path>..\..\..\Library\StarterWare\Drivers\Debug\</path>
         <kind>archive</kind>
         <file>drivers.lib</file>
         <name>uart.obj</name>
      </input_file>
   </input_file_list>
   <object_component_list>
      <object_component id="oc-2d">
         <name>.text:_c_int00</name>
         <load_address>0xc0000000</load_address>
         <run_address>0xc0000000</run_address>
         <size>0x80</size>
         <input_file_ref idref="fl-2b"/>
      </object_component>
      <object_component id="oc-25b">
         <name>$Tramp$S$$_system_pre_init</name>
         <load_address>0xc0000080</load_address>
         <run_address>0xc0000080</run_address>
         <size>0x10</size>
         <input_file_ref idref="fl-33"/>
      </object_component>
      <object_component id="oc-25c">
         <name>$Tramp$S$$_auto_init_elf</name>
         <load_address>0xc0000090</load_address>
         <run_address>0xc0000090</run_address>
         <size>0x10</size>
         <input_file_ref idref="fl-35"/>
      </object_component>
      <object_component id="oc-3b">
         <name>.text:retain</name>
         <load_address>0xc0018400</load_address>
         <run_address>0xc0018400</run_address>
         <size>0x1aa0</size>
         <input_file_ref idref="fl-3c"/>
      </object_component>
      <object_component id="oc-105">
         <name>.text</name>
         <load_address>0xc0019ea0</load_address>
         <run_address>0xc0019ea0</run_address>
         <size>0x10c0</size>
         <input_file_ref idref="fl-41"/>
      </object_component>
      <object_component id="oc-10b">
         <name>.text</name>
         <load_address>0xc001af60</load_address>
         <run_address>0xc001af60</run_address>
         <size>0xf40</size>
         <input_file_ref idref="fl-2"/>
      </object_component>
      <object_component id="oc-e1">
         <name>.text</name>
         <load_address>0xc001bea0</load_address>
         <run_address>0xc001bea0</run_address>
         <size>0xb60</size>
         <input_file_ref idref="fl-3f"/>
      </object_component>
      <object_component id="oc-f3">
         <name>.text</name>
         <load_address>0xc001ca00</load_address>
         <run_address>0xc001ca00</run_address>
         <size>0x5e0</size>
         <input_file_ref idref="fl-3c"/>
      </object_component>
      <object_component id="oc-f9">
         <name>.text</name>
         <load_address>0xc001cfe0</load_address>
         <run_address>0xc001cfe0</run_address>
         <size>0x5c0</size>
         <input_file_ref idref="fl-5"/>
      </object_component>
      <object_component id="oc-1de">
         <name>.text</name>
         <load_address>0xc001d5a0</load_address>
         <run_address>0xc001d5a0</run_address>
         <size>0x580</size>
         <input_file_ref idref="fl-47"/>
      </object_component>
      <object_component id="oc-170">
         <name>.text</name>
         <load_address>0xc001db20</load_address>
         <run_address>0xc001db20</run_address>
         <size>0x4c0</size>
         <input_file_ref idref="fl-42"/>
      </object_component>
      <object_component id="oc-ff">
         <name>.text</name>
         <load_address>0xc001dfe0</load_address>
         <run_address>0xc001dfe0</run_address>
         <size>0x480</size>
         <input_file_ref idref="fl-7"/>
      </object_component>
      <object_component id="oc-d5">
         <name>.text</name>
         <load_address>0xc001e460</load_address>
         <run_address>0xc001e460</run_address>
         <size>0x460</size>
         <input_file_ref idref="fl-4"/>
      </object_component>
      <object_component id="oc-db">
         <name>.text</name>
         <load_address>0xc001e8c0</load_address>
         <run_address>0xc001e8c0</run_address>
         <size>0x420</size>
         <input_file_ref idref="fl-3d"/>
      </object_component>
      <object_component id="oc-1ac">
         <name>.text:__c6xabi_divf</name>
         <load_address>0xc001ece0</load_address>
         <run_address>0xc001ece0</run_address>
         <size>0x2a0</size>
         <input_file_ref idref="fl-2f"/>
      </object_component>
      <object_component id="oc-a2">
         <name>.text</name>
         <load_address>0xc001ef80</load_address>
         <run_address>0xc001ef80</run_address>
         <size>0x240</size>
         <input_file_ref idref="fl-6"/>
      </object_component>
      <object_component id="oc-1e4">
         <name>.text</name>
         <load_address>0xc001f1c0</load_address>
         <run_address>0xc001f1c0</run_address>
         <size>0x180</size>
         <input_file_ref idref="fl-46"/>
      </object_component>
      <object_component id="oc-14d">
         <name>.text:__divu</name>
         <load_address>0xc001f340</load_address>
         <run_address>0xc001f340</run_address>
         <size>0xc0</size>
         <input_file_ref idref="fl-43"/>
      </object_component>
      <object_component id="oc-33">
         <name>.text</name>
         <load_address>0xc001f400</load_address>
         <run_address>0xc001f400</run_address>
         <size>0x200</size>
         <input_file_ref idref="fl-3e"/>
      </object_component>
      <object_component id="oc-77">
         <name>.text:_auto_init_elf</name>
         <load_address>0xc001f600</load_address>
         <run_address>0xc001f600</run_address>
         <size>0x160</size>
         <input_file_ref idref="fl-35"/>
      </object_component>
      <object_component id="oc-17e">
         <name>.text</name>
         <load_address>0xc001f760</load_address>
         <run_address>0xc001f760</run_address>
         <size>0x140</size>
         <input_file_ref idref="fl-40"/>
      </object_component>
      <object_component id="oc-4d">
         <name>.text:__TI_decompress_rle_core</name>
         <load_address>0xc001f8a0</load_address>
         <run_address>0xc001f8a0</run_address>
         <size>0x100</size>
         <input_file_ref idref="fl-2d"/>
      </object_component>
      <object_component id="oc-b6">
         <name>.text:copy_in</name>
         <load_address>0xc001f9a0</load_address>
         <run_address>0xc001f9a0</run_address>
         <size>0x100</size>
         <input_file_ref idref="fl-36"/>
      </object_component>
      <object_component id="oc-147">
         <name>.text</name>
         <load_address>0xc001faa0</load_address>
         <run_address>0xc001faa0</run_address>
         <size>0xe0</size>
         <input_file_ref idref="fl-45"/>
      </object_component>
      <object_component id="oc-6b">
         <name>.text:exit</name>
         <load_address>0xc001fb80</load_address>
         <run_address>0xc001fb80</run_address>
         <size>0xe0</size>
         <input_file_ref idref="fl-30"/>
      </object_component>
      <object_component id="oc-59">
         <name>.text:memset</name>
         <load_address>0xc001fc60</load_address>
         <run_address>0xc001fc60</run_address>
         <size>0xe0</size>
         <input_file_ref idref="fl-32"/>
      </object_component>
      <object_component id="oc-c2">
         <name>.text:tls:init:__TI_tls_init</name>
         <load_address>0xc001fd40</load_address>
         <run_address>0xc001fd40</run_address>
         <size>0xc0</size>
         <input_file_ref idref="fl-38"/>
      </object_component>
      <object_component id="oc-e7">
         <name>.text</name>
         <load_address>0xc001fe00</load_address>
         <run_address>0xc001fe00</run_address>
         <size>0xa0</size>
         <input_file_ref idref="fl-3b"/>
      </object_component>
      <object_component id="oc-152">
         <name>.text:__remu</name>
         <load_address>0xc001fea0</load_address>
         <run_address>0xc001fea0</run_address>
         <size>0xa0</size>
         <input_file_ref idref="fl-44"/>
      </object_component>
      <object_component id="oc-41">
         <name>.text:memcpy</name>
         <load_address>0xc001ff40</load_address>
         <run_address>0xc001ff40</run_address>
         <size>0xa0</size>
         <input_file_ref idref="fl-31"/>
      </object_component>
      <object_component id="oc-ed">
         <name>.text</name>
         <load_address>0xc001ffe0</load_address>
         <run_address>0xc001ffe0</run_address>
         <size>0x80</size>
         <input_file_ref idref="fl-3a"/>
      </object_component>
      <object_component id="oc-65">
         <name>.text:_args_main</name>
         <load_address>0xc0020060</load_address>
         <run_address>0xc0020060</run_address>
         <size>0x40</size>
         <input_file_ref idref="fl-34"/>
      </object_component>
      <object_component id="oc-bc">
         <name>.text:_system_post_cinit</name>
         <load_address>0xc00200a0</load_address>
         <run_address>0xc00200a0</run_address>
         <size>0x20</size>
         <input_file_ref idref="fl-37"/>
      </object_component>
      <object_component id="oc-71">
         <name>.text:_system_pre_init</name>
         <load_address>0xc00200c0</load_address>
         <run_address>0xc00200c0</run_address>
         <size>0x20</size>
         <input_file_ref idref="fl-33"/>
      </object_component>
      <object_component id="oc-ad">
         <name>.text:abort</name>
         <load_address>0xc00200e0</load_address>
         <run_address>0xc00200e0</run_address>
         <size>0x20</size>
         <input_file_ref idref="fl-30"/>
      </object_component>
      <object_component id="oc-1b">
         <name>.text:decompress:none:__TI_decompress_none</name>
         <load_address>0xc0020100</load_address>
         <run_address>0xc0020100</run_address>
         <size>0x20</size>
         <input_file_ref idref="fl-2c"/>
      </object_component>
      <object_component id="oc-21">
         <name>.text:decompress:rle24:__TI_decompress_rle24</name>
         <load_address>0xc0020120</load_address>
         <run_address>0xc0020120</run_address>
         <size>0x20</size>
         <input_file_ref idref="fl-2d"/>
      </object_component>
      <object_component id="oc-38">
         <name>.stack</name>
         <uninitialized>true</uninitialized>
         <run_address>0xc0001000</run_address>
         <size>0x8</size>
         <input_file_ref idref="fl-2b"/>
      </object_component>
      <object_component id="oc-25a">
         <name>.stack</name>
         <uninitialized>true</uninitialized>
         <run_address>0xc0001000</run_address>
         <size>0x0</size>
      </object_component>
      <object_component id="oc-113">
         <name>.const:gadWgnTbl</name>
         <load_address>0xc0010000</load_address>
         <run_address>0xc0010000</run_address>
         <size>0x7d00</size>
         <input_file_ref idref="fl-3"/>
      </object_component>
      <object_component id="oc-18e">
         <name>.const:gafPreFilter</name>
         <load_address>0xc0017d00</load_address>
         <run_address>0xc0017d00</run_address>
         <size>0x22c</size>
         <input_file_ref idref="fl-3"/>
      </object_component>
      <object_component id="oc-111">
         <name>.const:.string</name>
         <load_address>0xc0017f2c</load_address>
         <run_address>0xc0017f2c</run_address>
         <size>0xc4</size>
         <input_file_ref idref="fl-6"/>
      </object_component>
      <object_component id="oc-157">
         <name>.const:.string</name>
         <load_address>0xc0017ff0</load_address>
         <run_address>0xc0017ff0</run_address>
         <size>0x1c</size>
         <input_file_ref idref="fl-3f"/>
      </object_component>
      <object_component id="oc-15b">
         <name>.switch:UARTprintf</name>
         <load_address>0xc001804c</load_address>
         <run_address>0xc001804c</run_address>
         <size>0x24</size>
         <input_file_ref idref="fl-3f"/>
      </object_component>
      <object_component id="oc-191">
         <name>.far:gafX1_NR</name>
         <uninitialized>true</uninitialized>
         <run_address>0xc0024048</run_address>
         <size>0x458</size>
         <input_file_ref idref="fl-2"/>
      </object_component>
      <object_component id="oc-197">
         <name>.far:gafX_NR</name>
         <uninitialized>true</uninitialized>
         <run_address>0xc0020dc0</run_address>
         <size>0xc80</size>
         <input_file_ref idref="fl-2"/>
      </object_component>
      <object_component id="oc-1a0">
         <name>.far:gafD1_NR</name>
         <uninitialized>true</uninitialized>
         <run_address>0xc0023798</run_address>
         <size>0x458</size>
         <input_file_ref idref="fl-2"/>
      </object_component>
      <object_component id="oc-19a">
         <name>.far:gafXs_NR</name>
         <uninitialized>true</uninitialized>
         <run_address>0xc0021a40</run_address>
         <size>0xc80</size>
         <input_file_ref idref="fl-2"/>
      </object_component>
      <object_component id="oc-19d">
         <name>.far:gafF11_NR</name>
         <uninitialized>true</uninitialized>
         <run_address>0xc0022d00</run_address>
         <size>0x640</size>
         <input_file_ref idref="fl-2"/>
      </object_component>
      <object_component id="oc-194">
         <name>.far:gafWc1_NR</name>
         <uninitialized>true</uninitialized>
         <run_address>0xc00244a0</run_address>
         <size>0x320</size>
         <input_file_ref idref="fl-2"/>
      </object_component>
      <object_component id="oc-1a3">
         <name>.far:gafX1_BM</name>
         <uninitialized>true</uninitialized>
         <run_address>0xc0023bf0</run_address>
         <size>0x458</size>
         <input_file_ref idref="fl-2"/>
      </object_component>
      <object_component id="oc-1a6">
         <name>.far:gafX_BM</name>
         <uninitialized>true</uninitialized>
         <run_address>0xc0020140</run_address>
         <size>0xc80</size>
         <input_file_ref idref="fl-2"/>
      </object_component>
      <object_component id="oc-1a9">
         <name>.far:gafD1_BM</name>
         <uninitialized>true</uninitialized>
         <run_address>0xc0023340</run_address>
         <size>0x458</size>
         <input_file_ref idref="fl-2"/>
      </object_component>
      <object_component id="oc-82">
         <name>.far</name>
         <uninitialized>true</uninitialized>
         <run_address>0xc00247c0</run_address>
         <size>0x240</size>
         <input_file_ref idref="fl-3c"/>
      </object_component>
      <object_component id="oc-116">
         <name>.common:gafWs</name>
         <uninitialized>true</uninitialized>
         <run_address>0xc00226c0</run_address>
         <size>0x640</size>
      </object_component>
      <object_component id="oc-17c">
         <name>.common:slaveData</name>
         <uninitialized>true</uninitialized>
         <run_address>0xc0024a00</run_address>
         <size>0xc</size>
      </object_component>
      <object_component id="oc-257">
         <name>.cinit..neardata.load</name>
         <load_address>0xc0018080</load_address>
         <run_address>0xc0018080</run_address>
         <size>0x2d</size>
      </object_component>
      <object_component id="oc-256">
         <name>.cinit..fardata.load</name>
         <load_address>0xc00180ad</load_address>
         <run_address>0xc00180ad</run_address>
         <size>0xd</size>
      </object_component>
      <object_component id="oc-255">
         <name>.cinit..far.load</name>
         <load_address>0xc00180ba</load_address>
         <run_address>0xc00180ba</run_address>
         <size>0xb</size>
      </object_component>
      <object_component id="oc-258">
         <name>.cinit..rodata.load</name>
         <load_address>0xc00180c5</load_address>
         <run_address>0xc00180c5</run_address>
         <size>0xa</size>
      </object_component>
      <object_component id="oc-259">
         <name>.cinit..bss.load</name>
         <load_address>0xc00180cf</load_address>
         <run_address>0xc00180cf</run_address>
         <size>0x9</size>
      </object_component>
      <object_component id="oc-253">
         <name>__TI_handler_table</name>
         <load_address>0xc00180d8</load_address>
         <run_address>0xc00180d8</run_address>
         <size>0x8</size>
      </object_component>
      <object_component id="oc-254">
         <name>__TI_cinit_table</name>
         <load_address>0xc00180e0</load_address>
         <run_address>0xc00180e0</run_address>
         <size>0x28</size>
      </object_component>
      <object_component id="oc-aa">
         <name>.fardata</name>
         <load_address>0xc0018070</load_address>
         <run_address>0xc0018070</run_address>
         <size>0xc</size>
         <input_file_ref idref="fl-30"/>
      </object_component>
      <object_component id="oc-18d">
         <name>.neardata</name>
         <load_address>0xc001800c</load_address>
         <run_address>0xc001800c</run_address>
         <size>0x20</size>
         <input_file_ref idref="fl-2"/>
      </object_component>
      <object_component id="oc-112">
         <name>.neardata</name>
         <load_address>0xc001802c</load_address>
         <run_address>0xc001802c</run_address>
         <size>0x10</size>
         <input_file_ref idref="fl-6"/>
      </object_component>
      <object_component id="oc-176">
         <name>.neardata</name>
         <load_address>0xc001803c</load_address>
         <run_address>0xc001803c</run_address>
         <size>0x8</size>
         <input_file_ref idref="fl-5"/>
      </object_component>
      <object_component id="oc-158">
         <name>.rodata</name>
         <load_address>0xc0018044</load_address>
         <run_address>0xc0018044</run_address>
         <size>0x4</size>
         <input_file_ref idref="fl-3f"/>
      </object_component>
      <object_component id="oc-179">
         <name>.common:savedBase</name>
         <uninitialized>true</uninitialized>
         <run_address>0xc0018048</run_address>
         <size>0x4</size>
      </object_component>
      <object_component id="oc-117">
         <name>.debug_info</name>
         <load_address>0x0</load_address>
         <run_address>0x0</run_address>
         <size>0x60f</size>
         <input_file_ref idref="fl-2"/>
      </object_component>
      <object_component id="oc-192">
         <name>.debug_info</name>
         <load_address>0x60f</load_address>
         <run_address>0x60f</run_address>
         <size>0xca</size>
         <input_file_ref idref="fl-2"/>
      </object_component>
      <object_component id="oc-198">
         <name>.debug_info</name>
         <load_address>0x6d9</load_address>
         <run_address>0x6d9</run_address>
         <size>0xc8</size>
         <input_file_ref idref="fl-2"/>
      </object_component>
      <object_component id="oc-1a1">
         <name>.debug_info</name>
         <load_address>0x7a1</load_address>
         <run_address>0x7a1</run_address>
         <size>0xca</size>
         <input_file_ref idref="fl-2"/>
      </object_component>
      <object_component id="oc-19b">
         <name>.debug_info</name>
         <load_address>0x86b</load_address>
         <run_address>0x86b</run_address>
         <size>0xca</size>
         <input_file_ref idref="fl-2"/>
      </object_component>
      <object_component id="oc-19e">
         <name>.debug_info</name>
         <load_address>0x935</load_address>
         <run_address>0x935</run_address>
         <size>0xcc</size>
         <input_file_ref idref="fl-2"/>
      </object_component>
      <object_component id="oc-195">
         <name>.debug_info</name>
         <load_address>0xa01</load_address>
         <run_address>0xa01</run_address>
         <size>0xcc</size>
         <input_file_ref idref="fl-2"/>
      </object_component>
      <object_component id="oc-1a4">
         <name>.debug_info</name>
         <load_address>0xacd</load_address>
         <run_address>0xacd</run_address>
         <size>0xca</size>
         <input_file_ref idref="fl-2"/>
      </object_component>
      <object_component id="oc-1a7">
         <name>.debug_info</name>
         <load_address>0xb97</load_address>
         <run_address>0xb97</run_address>
         <size>0xc8</size>
         <input_file_ref idref="fl-2"/>
      </object_component>
      <object_component id="oc-1aa">
         <name>.debug_info</name>
         <load_address>0xc5f</load_address>
         <run_address>0xc5f</run_address>
         <size>0xca</size>
         <input_file_ref idref="fl-2"/>
      </object_component>
      <object_component id="oc-10d">
         <name>.debug_info</name>
         <load_address>0xd29</load_address>
         <run_address>0xd29</run_address>
         <size>0x8c6</size>
         <input_file_ref idref="fl-2"/>
      </object_component>
      <object_component id="oc-1b8">
         <name>.debug_info</name>
         <load_address>0x15ef</load_address>
         <run_address>0x15ef</run_address>
         <size>0xc8</size>
         <input_file_ref idref="fl-2"/>
      </object_component>
      <object_component id="oc-8e">
         <name>.debug_info</name>
         <load_address>0x16b7</load_address>
         <run_address>0x16b7</run_address>
         <size>0xb2</size>
         <input_file_ref idref="fl-2"/>
      </object_component>
      <object_component id="oc-1b5">
         <name>.debug_info</name>
         <load_address>0x1769</load_address>
         <run_address>0x1769</run_address>
         <size>0xd4</size>
         <input_file_ref idref="fl-3"/>
      </object_component>
      <object_component id="oc-114">
         <name>.debug_info</name>
         <load_address>0x183d</load_address>
         <run_address>0x183d</run_address>
         <size>0xce</size>
         <input_file_ref idref="fl-3"/>
      </object_component>
      <object_component id="oc-18f">
         <name>.debug_info</name>
         <load_address>0x190b</load_address>
         <run_address>0x190b</run_address>
         <size>0xd5</size>
         <input_file_ref idref="fl-3"/>
      </object_component>
      <object_component id="oc-145">
         <name>.debug_info</name>
         <load_address>0x19e0</load_address>
         <run_address>0x19e0</run_address>
         <size>0x592</size>
         <input_file_ref idref="fl-4"/>
      </object_component>
      <object_component id="oc-d6">
         <name>.debug_info</name>
         <load_address>0x1f72</load_address>
         <run_address>0x1f72</run_address>
         <size>0x7f0</size>
         <input_file_ref idref="fl-4"/>
      </object_component>
      <object_component id="oc-17a">
         <name>.debug_info</name>
         <load_address>0x2762</load_address>
         <run_address>0x2762</run_address>
         <size>0x97b</size>
         <input_file_ref idref="fl-5"/>
      </object_component>
      <object_component id="oc-177">
         <name>.debug_info</name>
         <load_address>0x30dd</load_address>
         <run_address>0x30dd</run_address>
         <size>0xee</size>
         <input_file_ref idref="fl-5"/>
      </object_component>
      <object_component id="oc-fa">
         <name>.debug_info</name>
         <load_address>0x31cb</load_address>
         <run_address>0x31cb</run_address>
         <size>0xc14</size>
         <input_file_ref idref="fl-5"/>
      </object_component>
      <object_component id="oc-11a">
         <name>.debug_info</name>
         <load_address>0x3ddf</load_address>
         <run_address>0x3ddf</run_address>
         <size>0xaa5</size>
         <input_file_ref idref="fl-6"/>
      </object_component>
      <object_component id="oc-a3">
         <name>.debug_info</name>
         <load_address>0x4884</load_address>
         <run_address>0x4884</run_address>
         <size>0x4bd</size>
         <input_file_ref idref="fl-6"/>
      </object_component>
      <object_component id="oc-1bf">
         <name>.debug_info</name>
         <load_address>0x4d41</load_address>
         <run_address>0x4d41</run_address>
         <size>0x256</size>
         <input_file_ref idref="fl-6"/>
      </object_component>
      <object_component id="oc-185">
         <name>.debug_info</name>
         <load_address>0x4f97</load_address>
         <run_address>0x4f97</run_address>
         <size>0xd7a</size>
         <input_file_ref idref="fl-7"/>
      </object_component>
      <object_component id="oc-100">
         <name>.debug_info</name>
         <load_address>0x5d11</load_address>
         <run_address>0x5d11</run_address>
         <size>0xa53</size>
         <input_file_ref idref="fl-7"/>
      </object_component>
      <object_component id="oc-81">
         <name>.debug_info</name>
         <load_address>0x6764</load_address>
         <run_address>0x6764</run_address>
         <size>0x5d6</size>
         <input_file_ref idref="fl-2b"/>
      </object_component>
      <object_component id="oc-39">
         <name>.debug_info</name>
         <load_address>0x6d3a</load_address>
         <run_address>0x6d3a</run_address>
         <size>0xed</size>
         <input_file_ref idref="fl-2b"/>
      </object_component>
      <object_component id="oc-30">
         <name>.debug_info</name>
         <load_address>0x6e27</load_address>
         <run_address>0x6e27</run_address>
         <size>0x17a</size>
         <input_file_ref idref="fl-2b"/>
      </object_component>
      <object_component id="oc-4c">
         <name>.debug_info</name>
         <load_address>0x6fa1</load_address>
         <run_address>0x6fa1</run_address>
         <size>0x5ab</size>
         <input_file_ref idref="fl-2c"/>
      </object_component>
      <object_component id="oc-1e">
         <name>.debug_info</name>
         <load_address>0x754c</load_address>
         <run_address>0x754c</run_address>
         <size>0x1c4</size>
         <input_file_ref idref="fl-2c"/>
      </object_component>
      <object_component id="oc-47">
         <name>.debug_info</name>
         <load_address>0x7710</load_address>
         <run_address>0x7710</run_address>
         <size>0x46</size>
         <input_file_ref idref="fl-2c"/>
      </object_component>
      <object_component id="oc-87">
         <name>.debug_info</name>
         <load_address>0x7756</load_address>
         <run_address>0x7756</run_address>
         <size>0x2c</size>
         <input_file_ref idref="fl-2c"/>
      </object_component>
      <object_component id="oc-94">
         <name>.debug_info</name>
         <load_address>0x7782</load_address>
         <run_address>0x7782</run_address>
         <size>0x595</size>
         <input_file_ref idref="fl-2d"/>
      </object_component>
      <object_component id="oc-50">
         <name>.debug_info</name>
         <load_address>0x7d17</load_address>
         <run_address>0x7d17</run_address>
         <size>0x24c</size>
         <input_file_ref idref="fl-2d"/>
      </object_component>
      <object_component id="oc-24">
         <name>.debug_info</name>
         <load_address>0x7f63</load_address>
         <run_address>0x7f63</run_address>
         <size>0x1a9</size>
         <input_file_ref idref="fl-2d"/>
      </object_component>
      <object_component id="oc-54">
         <name>.debug_info</name>
         <load_address>0x810c</load_address>
         <run_address>0x810c</run_address>
         <size>0x46</size>
         <input_file_ref idref="fl-2d"/>
      </object_component>
      <object_component id="oc-9c">
         <name>.debug_info</name>
         <load_address>0x8152</load_address>
         <run_address>0x8152</run_address>
         <size>0x2c</size>
         <input_file_ref idref="fl-2d"/>
      </object_component>
      <object_component id="oc-95">
         <name>.debug_info</name>
         <load_address>0x817e</load_address>
         <run_address>0x817e</run_address>
         <size>0x39</size>
         <input_file_ref idref="fl-2d"/>
      </object_component>
      <object_component id="oc-21b">
         <name>.debug_info</name>
         <load_address>0x81b7</load_address>
         <run_address>0x81b7</run_address>
         <size>0x5f7</size>
         <input_file_ref idref="fl-2f"/>
      </object_component>
      <object_component id="oc-1ad">
         <name>.debug_info</name>
         <load_address>0x87ae</load_address>
         <run_address>0x87ae</run_address>
         <size>0x189</size>
         <input_file_ref idref="fl-2f"/>
      </object_component>
      <object_component id="oc-b4">
         <name>.debug_info</name>
         <load_address>0x8937</load_address>
         <run_address>0x8937</run_address>
         <size>0x5bf</size>
         <input_file_ref idref="fl-30"/>
      </object_component>
      <object_component id="oc-ab">
         <name>.debug_info</name>
         <load_address>0x8ef6</load_address>
         <run_address>0x8ef6</run_address>
         <size>0x17d</size>
         <input_file_ref idref="fl-30"/>
      </object_component>
      <object_component id="oc-b0">
         <name>.debug_info</name>
         <load_address>0x9073</load_address>
         <run_address>0x9073</run_address>
         <size>0x10f</size>
         <input_file_ref idref="fl-30"/>
      </object_component>
      <object_component id="oc-6c">
         <name>.debug_info</name>
         <load_address>0x9182</load_address>
         <run_address>0x9182</run_address>
         <size>0x16f</size>
         <input_file_ref idref="fl-30"/>
      </object_component>
      <object_component id="oc-43">
         <name>.debug_info</name>
         <load_address>0x92f1</load_address>
         <run_address>0x92f1</run_address>
         <size>0x119</size>
         <input_file_ref idref="fl-31"/>
      </object_component>
      <object_component id="oc-9b">
         <name>.debug_info</name>
         <load_address>0x940a</load_address>
         <run_address>0x940a</run_address>
         <size>0x674</size>
         <input_file_ref idref="fl-32"/>
      </object_component>
      <object_component id="oc-5b">
         <name>.debug_info</name>
         <load_address>0x9a7e</load_address>
         <run_address>0x9a7e</run_address>
         <size>0x21c</size>
         <input_file_ref idref="fl-32"/>
      </object_component>
      <object_component id="oc-72">
         <name>.debug_info</name>
         <load_address>0x9c9a</load_address>
         <run_address>0x9c9a</run_address>
         <size>0x140</size>
         <input_file_ref idref="fl-33"/>
      </object_component>
      <object_component id="oc-a9">
         <name>.debug_info</name>
         <load_address>0x9dda</load_address>
         <run_address>0x9dda</run_address>
         <size>0x5cc</size>
         <input_file_ref idref="fl-34"/>
      </object_component>
      <object_component id="oc-66">
         <name>.debug_info</name>
         <load_address>0xa3a6</load_address>
         <run_address>0xa3a6</run_address>
         <size>0x15f</size>
         <input_file_ref idref="fl-34"/>
      </object_component>
      <object_component id="oc-11d">
         <name>.debug_info</name>
         <load_address>0xa505</load_address>
         <run_address>0xa505</run_address>
         <size>0x5e</size>
         <input_file_ref idref="fl-34"/>
      </object_component>
      <object_component id="oc-c9">
         <name>.debug_info</name>
         <load_address>0xa563</load_address>
         <run_address>0xa563</run_address>
         <size>0x79e</size>
         <input_file_ref idref="fl-35"/>
      </object_component>
      <object_component id="oc-79">
         <name>.debug_info</name>
         <load_address>0xad01</load_address>
         <run_address>0xad01</run_address>
         <size>0x1bc</size>
         <input_file_ref idref="fl-35"/>
      </object_component>
      <object_component id="oc-12e">
         <name>.debug_info</name>
         <load_address>0xaebd</load_address>
         <run_address>0xaebd</run_address>
         <size>0x39</size>
         <input_file_ref idref="fl-35"/>
      </object_component>
      <object_component id="oc-1d7">
         <name>.debug_info</name>
         <load_address>0xaef6</load_address>
         <run_address>0xaef6</run_address>
         <size>0x39</size>
         <input_file_ref idref="fl-35"/>
      </object_component>
      <object_component id="oc-133">
         <name>.debug_info</name>
         <load_address>0xaf2f</load_address>
         <run_address>0xaf2f</run_address>
         <size>0xcd</size>
         <input_file_ref idref="fl-35"/>
      </object_component>
      <object_component id="oc-128">
         <name>.debug_info</name>
         <load_address>0xaffc</load_address>
         <run_address>0xaffc</run_address>
         <size>0x650</size>
         <input_file_ref idref="fl-36"/>
      </object_component>
      <object_component id="oc-ba">
         <name>.debug_info</name>
         <load_address>0xb64c</load_address>
         <run_address>0xb64c</run_address>
         <size>0x194</size>
         <input_file_ref idref="fl-36"/>
      </object_component>
      <object_component id="oc-1c6">
         <name>.debug_info</name>
         <load_address>0xb7e0</load_address>
         <run_address>0xb7e0</run_address>
         <size>0x2c</size>
         <input_file_ref idref="fl-36"/>
      </object_component>
      <object_component id="oc-be">
         <name>.debug_info</name>
         <load_address>0xb80c</load_address>
         <run_address>0xb80c</run_address>
         <size>0x13d</size>
         <input_file_ref idref="fl-37"/>
      </object_component>
      <object_component id="oc-12b">
         <name>.debug_info</name>
         <load_address>0xb949</load_address>
         <run_address>0xb949</run_address>
         <size>0x744</size>
         <input_file_ref idref="fl-38"/>
      </object_component>
      <object_component id="oc-c3">
         <name>.debug_info</name>
         <load_address>0xc08d</load_address>
         <run_address>0xc08d</run_address>
         <size>0x207</size>
         <input_file_ref idref="fl-38"/>
      </object_component>
      <object_component id="oc-1cd">
         <name>.debug_info</name>
         <load_address>0xc294</load_address>
         <run_address>0xc294</run_address>
         <size>0x2c</size>
         <input_file_ref idref="fl-38"/>
      </object_component>
      <object_component id="oc-1d2">
         <name>.debug_info</name>
         <load_address>0xc2c0</load_address>
         <run_address>0xc2c0</run_address>
         <size>0x39</size>
         <input_file_ref idref="fl-38"/>
      </object_component>
      <object_component id="oc-ef">
         <name>.debug_info</name>
         <load_address>0xc2f9</load_address>
         <run_address>0xc2f9</run_address>
         <size>0x130</size>
         <input_file_ref idref="fl-3a"/>
      </object_component>
      <object_component id="oc-169">
         <name>.debug_info</name>
         <load_address>0xc429</load_address>
         <run_address>0xc429</run_address>
         <size>0x88</size>
         <input_file_ref idref="fl-3a"/>
      </object_component>
      <object_component id="oc-e8">
         <name>.debug_info</name>
         <load_address>0xc4b1</load_address>
         <run_address>0xc4b1</run_address>
         <size>0x165</size>
         <input_file_ref idref="fl-3b"/>
      </object_component>
      <object_component id="oc-ce">
         <name>.debug_info</name>
         <load_address>0xc616</load_address>
         <run_address>0xc616</run_address>
         <size>0x228</size>
         <input_file_ref idref="fl-3c"/>
      </object_component>
      <object_component id="oc-83">
         <name>.debug_info</name>
         <load_address>0xc83e</load_address>
         <run_address>0xc83e</run_address>
         <size>0x171</size>
         <input_file_ref idref="fl-3c"/>
      </object_component>
      <object_component id="oc-f4">
         <name>.debug_info</name>
         <load_address>0xc9af</load_address>
         <run_address>0xc9af</run_address>
         <size>0x244f</size>
         <input_file_ref idref="fl-3c"/>
      </object_component>
      <object_component id="oc-3c">
         <name>.debug_info</name>
         <load_address>0xedfe</load_address>
         <run_address>0xedfe</run_address>
         <size>0x102d</size>
         <input_file_ref idref="fl-3c"/>
      </object_component>
      <object_component id="oc-13a">
         <name>.debug_info</name>
         <load_address>0xfe2b</load_address>
         <run_address>0xfe2b</run_address>
         <size>0x8d</size>
         <input_file_ref idref="fl-3c"/>
      </object_component>
      <object_component id="oc-13f">
         <name>.debug_info</name>
         <load_address>0xfeb8</load_address>
         <run_address>0xfeb8</run_address>
         <size>0x2c</size>
         <input_file_ref idref="fl-3c"/>
      </object_component>
      <object_component id="oc-dd">
         <name>.debug_info</name>
         <load_address>0xfee4</load_address>
         <run_address>0xfee4</run_address>
         <size>0x14b2</size>
         <input_file_ref idref="fl-3d"/>
      </object_component>
      <object_component id="oc-34">
         <name>.debug_info</name>
         <load_address>0x11396</load_address>
         <run_address>0x11396</run_address>
         <size>0x197</size>
         <input_file_ref idref="fl-3e"/>
      </object_component>
      <object_component id="oc-162">
         <name>.debug_info</name>
         <load_address>0x1152d</load_address>
         <run_address>0x1152d</run_address>
         <size>0x1f9</size>
         <input_file_ref idref="fl-3f"/>
      </object_component>
      <object_component id="oc-159">
         <name>.debug_info</name>
         <load_address>0x11726</load_address>
         <run_address>0x11726</run_address>
         <size>0x127</size>
         <input_file_ref idref="fl-3f"/>
      </object_component>
      <object_component id="oc-e2">
         <name>.debug_info</name>
         <load_address>0x1184d</load_address>
         <run_address>0x1184d</run_address>
         <size>0x1f42</size>
         <input_file_ref idref="fl-3f"/>
      </object_component>
      <object_component id="oc-15d">
         <name>.debug_info</name>
         <load_address>0x1378f</load_address>
         <run_address>0x1378f</run_address>
         <size>0x94</size>
         <input_file_ref idref="fl-3f"/>
      </object_component>
      <object_component id="oc-163">
         <name>.debug_info</name>
         <load_address>0x13823</load_address>
         <run_address>0x13823</run_address>
         <size>0x2c</size>
         <input_file_ref idref="fl-3f"/>
      </object_component>
      <object_component id="oc-1fc">
         <name>.debug_info</name>
         <load_address>0x1384f</load_address>
         <run_address>0x1384f</run_address>
         <size>0xc3</size>
         <input_file_ref idref="fl-40"/>
      </object_component>
      <object_component id="oc-181">
         <name>.debug_info</name>
         <load_address>0x13912</load_address>
         <run_address>0x13912</run_address>
         <size>0x353</size>
         <input_file_ref idref="fl-40"/>
      </object_component>
      <object_component id="oc-187">
         <name>.debug_info</name>
         <load_address>0x13c65</load_address>
         <run_address>0x13c65</run_address>
         <size>0x8d</size>
         <input_file_ref idref="fl-40"/>
      </object_component>
      <object_component id="oc-18c">
         <name>.debug_info</name>
         <load_address>0x13cf2</load_address>
         <run_address>0x13cf2</run_address>
         <size>0xd4</size>
         <input_file_ref idref="fl-41"/>
      </object_component>
      <object_component id="oc-107">
         <name>.debug_info</name>
         <load_address>0x13dc6</load_address>
         <run_address>0x13dc6</run_address>
         <size>0x2dbf</size>
         <input_file_ref idref="fl-41"/>
      </object_component>
      <object_component id="oc-201">
         <name>.debug_info</name>
         <load_address>0x16b85</load_address>
         <run_address>0x16b85</run_address>
         <size>0x1e3</size>
         <input_file_ref idref="fl-41"/>
      </object_component>
      <object_component id="oc-172">
         <name>.debug_info</name>
         <load_address>0x16d68</load_address>
         <run_address>0x16d68</run_address>
         <size>0x163d</size>
         <input_file_ref idref="fl-42"/>
      </object_component>
      <object_component id="oc-14e">
         <name>.debug_info</name>
         <load_address>0x183a5</load_address>
         <run_address>0x183a5</run_address>
         <size>0x10c</size>
         <input_file_ref idref="fl-43"/>
      </object_component>
      <object_component id="oc-153">
         <name>.debug_info</name>
         <load_address>0x184b1</load_address>
         <run_address>0x184b1</run_address>
         <size>0x10c</size>
         <input_file_ref idref="fl-44"/>
      </object_component>
      <object_component id="oc-148">
         <name>.debug_info</name>
         <load_address>0x185bd</load_address>
         <run_address>0x185bd</run_address>
         <size>0x3a1</size>
         <input_file_ref idref="fl-45"/>
      </object_component>
      <object_component id="oc-1eb">
         <name>.debug_info</name>
         <load_address>0x1895e</load_address>
         <run_address>0x1895e</run_address>
         <size>0x94</size>
         <input_file_ref idref="fl-45"/>
      </object_component>
      <object_component id="oc-1e6">
         <name>.debug_info</name>
         <load_address>0x189f2</load_address>
         <run_address>0x189f2</run_address>
         <size>0x1e7</size>
         <input_file_ref idref="fl-46"/>
      </object_component>
      <object_component id="oc-224">
         <name>.debug_info</name>
         <load_address>0x18bd9</load_address>
         <run_address>0x18bd9</run_address>
         <size>0xff</size>
         <input_file_ref idref="fl-47"/>
      </object_component>
      <object_component id="oc-1df">
         <name>.debug_info</name>
         <load_address>0x18cd8</load_address>
         <run_address>0x18cd8</run_address>
         <size>0x13bf</size>
         <input_file_ref idref="fl-47"/>
      </object_component>
      <object_component id="oc-21f">
         <name>.debug_info</name>
         <load_address>0x1a097</load_address>
         <run_address>0x1a097</run_address>
         <size>0x94</size>
         <input_file_ref idref="fl-47"/>
      </object_component>
      <object_component id="oc-27a">
         <name>.debug_info</name>
         <load_address>0x1a12b</load_address>
         <run_address>0x1a12b</run_address>
         <size>0x125</size>
      </object_component>
      <object_component id="oc-1b7">
         <name>.debug_line</name>
         <load_address>0x0</load_address>
         <run_address>0x0</run_address>
         <size>0x72</size>
         <input_file_ref idref="fl-2"/>
      </object_component>
      <object_component id="oc-209">
         <name>.debug_line</name>
         <load_address>0x72</load_address>
         <run_address>0x72</run_address>
         <size>0x30</size>
         <input_file_ref idref="fl-2"/>
      </object_component>
      <object_component id="oc-20d">
         <name>.debug_line</name>
         <load_address>0xa2</load_address>
         <run_address>0xa2</run_address>
         <size>0x30</size>
         <input_file_ref idref="fl-2"/>
      </object_component>
      <object_component id="oc-213">
         <name>.debug_line</name>
         <load_address>0xd2</load_address>
         <run_address>0xd2</run_address>
         <size>0x30</size>
         <input_file_ref idref="fl-2"/>
      </object_component>
      <object_component id="oc-20f">
         <name>.debug_line</name>
         <load_address>0x102</load_address>
         <run_address>0x102</run_address>
         <size>0x30</size>
         <input_file_ref idref="fl-2"/>
      </object_component>
      <object_component id="oc-211">
         <name>.debug_line</name>
         <load_address>0x132</load_address>
         <run_address>0x132</run_address>
         <size>0x30</size>
         <input_file_ref idref="fl-2"/>
      </object_component>
      <object_component id="oc-20b">
         <name>.debug_line</name>
         <load_address>0x162</load_address>
         <run_address>0x162</run_address>
         <size>0x30</size>
         <input_file_ref idref="fl-2"/>
      </object_component>
      <object_component id="oc-215">
         <name>.debug_line</name>
         <load_address>0x192</load_address>
         <run_address>0x192</run_address>
         <size>0x30</size>
         <input_file_ref idref="fl-2"/>
      </object_component>
      <object_component id="oc-217">
         <name>.debug_line</name>
         <load_address>0x1c2</load_address>
         <run_address>0x1c2</run_address>
         <size>0x30</size>
         <input_file_ref idref="fl-2"/>
      </object_component>
      <object_component id="oc-219">
         <name>.debug_line</name>
         <load_address>0x1f2</load_address>
         <run_address>0x1f2</run_address>
         <size>0x30</size>
         <input_file_ref idref="fl-2"/>
      </object_component>
      <object_component id="oc-10c">
         <name>.debug_line</name>
         <load_address>0x222</load_address>
         <run_address>0x222</run_address>
         <size>0x4b2</size>
         <input_file_ref idref="fl-2"/>
      </object_component>
      <object_component id="oc-1ba">
         <name>.debug_line</name>
         <load_address>0x6d4</load_address>
         <run_address>0x6d4</run_address>
         <size>0x61</size>
         <input_file_ref idref="fl-2"/>
      </object_component>
      <object_component id="oc-90">
         <name>.debug_line</name>
         <load_address>0x735</load_address>
         <run_address>0x735</run_address>
         <size>0x20</size>
         <input_file_ref idref="fl-2"/>
      </object_component>
      <object_component id="oc-21d">
         <name>.debug_line</name>
         <load_address>0x755</load_address>
         <run_address>0x755</run_address>
         <size>0x20</size>
         <input_file_ref idref="fl-3"/>
      </object_component>
      <object_component id="oc-1b4">
         <name>.debug_line</name>
         <load_address>0x775</load_address>
         <run_address>0x775</run_address>
         <size>0x31</size>
         <input_file_ref idref="fl-3"/>
      </object_component>
      <object_component id="oc-207">
         <name>.debug_line</name>
         <load_address>0x7a6</load_address>
         <run_address>0x7a6</run_address>
         <size>0x31</size>
         <input_file_ref idref="fl-3"/>
      </object_component>
      <object_component id="oc-1dd">
         <name>.debug_line</name>
         <load_address>0x7d7</load_address>
         <run_address>0x7d7</run_address>
         <size>0x30</size>
         <input_file_ref idref="fl-4"/>
      </object_component>
      <object_component id="oc-d9">
         <name>.debug_line</name>
         <load_address>0x807</load_address>
         <run_address>0x807</run_address>
         <size>0x1b8</size>
         <input_file_ref idref="fl-4"/>
      </object_component>
      <object_component id="oc-1fa">
         <name>.debug_line</name>
         <load_address>0x9bf</load_address>
         <run_address>0x9bf</run_address>
         <size>0xdb</size>
         <input_file_ref idref="fl-5"/>
      </object_component>
      <object_component id="oc-1f8">
         <name>.debug_line</name>
         <load_address>0xa9a</load_address>
         <run_address>0xa9a</run_address>
         <size>0x30</size>
         <input_file_ref idref="fl-5"/>
      </object_component>
      <object_component id="oc-fd">
         <name>.debug_line</name>
         <load_address>0xaca</load_address>
         <run_address>0xaca</run_address>
         <size>0x278</size>
         <input_file_ref idref="fl-5"/>
      </object_component>
      <object_component id="oc-1be">
         <name>.debug_line</name>
         <load_address>0xd42</load_address>
         <run_address>0xd42</run_address>
         <size>0x18f</size>
         <input_file_ref idref="fl-6"/>
      </object_component>
      <object_component id="oc-a7">
         <name>.debug_line</name>
         <load_address>0xed1</load_address>
         <run_address>0xed1</run_address>
         <size>0x124</size>
         <input_file_ref idref="fl-6"/>
      </object_component>
      <object_component id="oc-1c1">
         <name>.debug_line</name>
         <load_address>0xff5</load_address>
         <run_address>0xff5</run_address>
         <size>0x4f</size>
         <input_file_ref idref="fl-6"/>
      </object_component>
      <object_component id="oc-1fe">
         <name>.debug_line</name>
         <load_address>0x1044</load_address>
         <run_address>0x1044</run_address>
         <size>0xbe</size>
         <input_file_ref idref="fl-7"/>
      </object_component>
      <object_component id="oc-103">
         <name>.debug_line</name>
         <load_address>0x1102</load_address>
         <run_address>0x1102</run_address>
         <size>0x1b0</size>
         <input_file_ref idref="fl-7"/>
      </object_component>
      <object_component id="oc-cb">
         <name>.debug_line</name>
         <load_address>0x12b2</load_address>
         <run_address>0x12b2</run_address>
         <size>0x48</size>
         <input_file_ref idref="fl-2b"/>
      </object_component>
      <object_component id="oc-80">
         <name>.debug_line</name>
         <load_address>0x12fa</load_address>
         <run_address>0x12fa</run_address>
         <size>0x2a</size>
         <input_file_ref idref="fl-2b"/>
      </object_component>
      <object_component id="oc-32">
         <name>.debug_line</name>
         <load_address>0x1324</load_address>
         <run_address>0x1324</run_address>
         <size>0x5d</size>
         <input_file_ref idref="fl-2b"/>
      </object_component>
      <object_component id="oc-8d">
         <name>.debug_line</name>
         <load_address>0x1381</load_address>
         <run_address>0x1381</run_address>
         <size>0x8a</size>
         <input_file_ref idref="fl-2c"/>
      </object_component>
      <object_component id="oc-20">
         <name>.debug_line</name>
         <load_address>0x140b</load_address>
         <run_address>0x140b</run_address>
         <size>0x53</size>
         <input_file_ref idref="fl-2c"/>
      </object_component>
      <object_component id="oc-49">
         <name>.debug_line</name>
         <load_address>0x145e</load_address>
         <run_address>0x145e</run_address>
         <size>0x3a</size>
         <input_file_ref idref="fl-2c"/>
      </object_component>
      <object_component id="oc-89">
         <name>.debug_line</name>
         <load_address>0x1498</load_address>
         <run_address>0x1498</run_address>
         <size>0x8a</size>
         <input_file_ref idref="fl-2c"/>
      </object_component>
      <object_component id="oc-d0">
         <name>.debug_line</name>
         <load_address>0x1522</load_address>
         <run_address>0x1522</run_address>
         <size>0x8a</size>
         <input_file_ref idref="fl-2d"/>
      </object_component>
      <object_component id="oc-52">
         <name>.debug_line</name>
         <load_address>0x15ac</load_address>
         <run_address>0x15ac</run_address>
         <size>0xc3</size>
         <input_file_ref idref="fl-2d"/>
      </object_component>
      <object_component id="oc-26">
         <name>.debug_line</name>
         <load_address>0x166f</load_address>
         <run_address>0x166f</run_address>
         <size>0x49</size>
         <input_file_ref idref="fl-2d"/>
      </object_component>
      <object_component id="oc-56">
         <name>.debug_line</name>
         <load_address>0x16b8</load_address>
         <run_address>0x16b8</run_address>
         <size>0x39</size>
         <input_file_ref idref="fl-2d"/>
      </object_component>
      <object_component id="oc-9e">
         <name>.debug_line</name>
         <load_address>0x16f1</load_address>
         <run_address>0x16f1</run_address>
         <size>0x8a</size>
         <input_file_ref idref="fl-2d"/>
      </object_component>
      <object_component id="oc-97">
         <name>.debug_line</name>
         <load_address>0x177b</load_address>
         <run_address>0x177b</run_address>
         <size>0x8a</size>
         <input_file_ref idref="fl-2d"/>
      </object_component>
      <object_component id="oc-229">
         <name>.debug_line</name>
         <load_address>0x1805</load_address>
         <run_address>0x1805</run_address>
         <size>0x87</size>
         <input_file_ref idref="fl-2f"/>
      </object_component>
      <object_component id="oc-1b0">
         <name>.debug_line</name>
         <load_address>0x188c</load_address>
         <run_address>0x188c</run_address>
         <size>0x11e</size>
         <input_file_ref idref="fl-2f"/>
      </object_component>
      <object_component id="oc-126">
         <name>.debug_line</name>
         <load_address>0x19aa</load_address>
         <run_address>0x19aa</run_address>
         <size>0x89</size>
         <input_file_ref idref="fl-30"/>
      </object_component>
      <object_component id="oc-123">
         <name>.debug_line</name>
         <load_address>0x1a33</load_address>
         <run_address>0x1a33</run_address>
         <size>0x2a</size>
         <input_file_ref idref="fl-30"/>
      </object_component>
      <object_component id="oc-ae">
         <name>.debug_line</name>
         <load_address>0x1a5d</load_address>
         <run_address>0x1a5d</run_address>
         <size>0x3a</size>
         <input_file_ref idref="fl-30"/>
      </object_component>
      <object_component id="oc-6f">
         <name>.debug_line</name>
         <load_address>0x1a97</load_address>
         <run_address>0x1a97</run_address>
         <size>0x89</size>
         <input_file_ref idref="fl-30"/>
      </object_component>
      <object_component id="oc-45">
         <name>.debug_line</name>
         <load_address>0x1b20</load_address>
         <run_address>0x1b20</run_address>
         <size>0x4d</size>
         <input_file_ref idref="fl-31"/>
      </object_component>
      <object_component id="oc-d2">
         <name>.debug_line</name>
         <load_address>0x1b6d</load_address>
         <run_address>0x1b6d</run_address>
         <size>0x20</size>
         <input_file_ref idref="fl-32"/>
      </object_component>
      <object_component id="oc-5d">
         <name>.debug_line</name>
         <load_address>0x1b8d</load_address>
         <run_address>0x1b8d</run_address>
         <size>0x69</size>
         <input_file_ref idref="fl-32"/>
      </object_component>
      <object_component id="oc-76">
         <name>.debug_line</name>
         <load_address>0x1bf6</load_address>
         <run_address>0x1bf6</run_address>
         <size>0x40</size>
         <input_file_ref idref="fl-33"/>
      </object_component>
      <object_component id="oc-11c">
         <name>.debug_line</name>
         <load_address>0x1c36</load_address>
         <run_address>0x1c36</run_address>
         <size>0x2b</size>
         <input_file_ref idref="fl-34"/>
      </object_component>
      <object_component id="oc-6a">
         <name>.debug_line</name>
         <load_address>0x1c61</load_address>
         <run_address>0x1c61</run_address>
         <size>0x4a</size>
         <input_file_ref idref="fl-34"/>
      </object_component>
      <object_component id="oc-11f">
         <name>.debug_line</name>
         <load_address>0x1cab</load_address>
         <run_address>0x1cab</run_address>
         <size>0x2b</size>
         <input_file_ref idref="fl-34"/>
      </object_component>
      <object_component id="oc-12d">
         <name>.debug_line</name>
         <load_address>0x1cd6</load_address>
         <run_address>0x1cd6</run_address>
         <size>0xa9</size>
         <input_file_ref idref="fl-35"/>
      </object_component>
      <object_component id="oc-7b">
         <name>.debug_line</name>
         <load_address>0x1d7f</load_address>
         <run_address>0x1d7f</run_address>
         <size>0xdd</size>
         <input_file_ref idref="fl-35"/>
      </object_component>
      <object_component id="oc-130">
         <name>.debug_line</name>
         <load_address>0x1e5c</load_address>
         <run_address>0x1e5c</run_address>
         <size>0x2e</size>
         <input_file_ref idref="fl-35"/>
      </object_component>
      <object_component id="oc-1d9">
         <name>.debug_line</name>
         <load_address>0x1e8a</load_address>
         <run_address>0x1e8a</run_address>
         <size>0x8a</size>
         <input_file_ref idref="fl-35"/>
      </object_component>
      <object_component id="oc-135">
         <name>.debug_line</name>
         <load_address>0x1f14</load_address>
         <run_address>0x1f14</run_address>
         <size>0x8b</size>
         <input_file_ref idref="fl-35"/>
      </object_component>
      <object_component id="oc-1c5">
         <name>.debug_line</name>
         <load_address>0x1f9f</load_address>
         <run_address>0x1f9f</run_address>
         <size>0x98</size>
         <input_file_ref idref="fl-36"/>
      </object_component>
      <object_component id="oc-b9">
         <name>.debug_line</name>
         <load_address>0x2037</load_address>
         <run_address>0x2037</run_address>
         <size>0xa3</size>
         <input_file_ref idref="fl-36"/>
      </object_component>
      <object_component id="oc-1c8">
         <name>.debug_line</name>
         <load_address>0x20da</load_address>
         <run_address>0x20da</run_address>
         <size>0x2e</size>
         <input_file_ref idref="fl-36"/>
      </object_component>
      <object_component id="oc-bd">
         <name>.debug_line</name>
         <load_address>0x2108</load_address>
         <run_address>0x2108</run_address>
         <size>0x3b</size>
         <input_file_ref idref="fl-37"/>
      </object_component>
      <object_component id="oc-1cc">
         <name>.debug_line</name>
         <load_address>0x2143</load_address>
         <run_address>0x2143</run_address>
         <size>0x29</size>
         <input_file_ref idref="fl-38"/>
      </object_component>
      <object_component id="oc-c6">
         <name>.debug_line</name>
         <load_address>0x216c</load_address>
         <run_address>0x216c</run_address>
         <size>0x7a</size>
         <input_file_ref idref="fl-38"/>
      </object_component>
      <object_component id="oc-1cf">
         <name>.debug_line</name>
         <load_address>0x21e6</load_address>
         <run_address>0x21e6</run_address>
         <size>0x29</size>
         <input_file_ref idref="fl-38"/>
      </object_component>
      <object_component id="oc-1d4">
         <name>.debug_line</name>
         <load_address>0x220f</load_address>
         <run_address>0x220f</run_address>
         <size>0x8a</size>
         <input_file_ref idref="fl-38"/>
      </object_component>
      <object_component id="oc-f2">
         <name>.debug_line</name>
         <load_address>0x2299</load_address>
         <run_address>0x2299</run_address>
         <size>0x49</size>
         <input_file_ref idref="fl-3a"/>
      </object_component>
      <object_component id="oc-16b">
         <name>.debug_line</name>
         <load_address>0x22e2</load_address>
         <run_address>0x22e2</run_address>
         <size>0x20</size>
         <input_file_ref idref="fl-3a"/>
      </object_component>
      <object_component id="oc-eb">
         <name>.debug_line</name>
         <load_address>0x2302</load_address>
         <run_address>0x2302</run_address>
         <size>0x50</size>
         <input_file_ref idref="fl-3b"/>
      </object_component>
      <object_component id="oc-139">
         <name>.debug_line</name>
         <load_address>0x2352</load_address>
         <run_address>0x2352</run_address>
         <size>0xc1</size>
         <input_file_ref idref="fl-3c"/>
      </object_component>
      <object_component id="oc-cd">
         <name>.debug_line</name>
         <load_address>0x2413</load_address>
         <run_address>0x2413</run_address>
         <size>0x7a</size>
         <input_file_ref idref="fl-3c"/>
      </object_component>
      <object_component id="oc-f7">
         <name>.debug_line</name>
         <load_address>0x248d</load_address>
         <run_address>0x248d</run_address>
         <size>0x34b</size>
         <input_file_ref idref="fl-3c"/>
      </object_component>
      <object_component id="oc-40">
         <name>.debug_line</name>
         <load_address>0x27d8</load_address>
         <run_address>0x27d8</run_address>
         <size>0x1ee</size>
         <input_file_ref idref="fl-3c"/>
      </object_component>
      <object_component id="oc-13c">
         <name>.debug_line</name>
         <load_address>0x29c6</load_address>
         <run_address>0x29c6</run_address>
         <size>0x20</size>
         <input_file_ref idref="fl-3c"/>
      </object_component>
      <object_component id="oc-141">
         <name>.debug_line</name>
         <load_address>0x29e6</load_address>
         <run_address>0x29e6</run_address>
         <size>0x55</size>
         <input_file_ref idref="fl-3c"/>
      </object_component>
      <object_component id="oc-e0">
         <name>.debug_line</name>
         <load_address>0x2a3b</load_address>
         <run_address>0x2a3b</run_address>
         <size>0x22f</size>
         <input_file_ref idref="fl-3d"/>
      </object_component>
      <object_component id="oc-37">
         <name>.debug_line</name>
         <load_address>0x2c6a</load_address>
         <run_address>0x2c6a</run_address>
         <size>0x106</size>
         <input_file_ref idref="fl-3e"/>
      </object_component>
      <object_component id="oc-1f5">
         <name>.debug_line</name>
         <load_address>0x2d70</load_address>
         <run_address>0x2d70</run_address>
         <size>0x6c</size>
         <input_file_ref idref="fl-3f"/>
      </object_component>
      <object_component id="oc-1f3">
         <name>.debug_line</name>
         <load_address>0x2ddc</load_address>
         <run_address>0x2ddc</run_address>
         <size>0x6c</size>
         <input_file_ref idref="fl-3f"/>
      </object_component>
      <object_component id="oc-e5">
         <name>.debug_line</name>
         <load_address>0x2e48</load_address>
         <run_address>0x2e48</run_address>
         <size>0x48d</size>
         <input_file_ref idref="fl-3f"/>
      </object_component>
      <object_component id="oc-15f">
         <name>.debug_line</name>
         <load_address>0x32d5</load_address>
         <run_address>0x32d5</run_address>
         <size>0x20</size>
         <input_file_ref idref="fl-3f"/>
      </object_component>
      <object_component id="oc-165">
         <name>.debug_line</name>
         <load_address>0x32f5</load_address>
         <run_address>0x32f5</run_address>
         <size>0x6a</size>
         <input_file_ref idref="fl-3f"/>
      </object_component>
      <object_component id="oc-227">
         <name>.debug_line</name>
         <load_address>0x335f</load_address>
         <run_address>0x335f</run_address>
         <size>0x20</size>
         <input_file_ref idref="fl-40"/>
      </object_component>
      <object_component id="oc-180">
         <name>.debug_line</name>
         <load_address>0x337f</load_address>
         <run_address>0x337f</run_address>
         <size>0x7d</size>
         <input_file_ref idref="fl-40"/>
      </object_component>
      <object_component id="oc-189">
         <name>.debug_line</name>
         <load_address>0x33fc</load_address>
         <run_address>0x33fc</run_address>
         <size>0x20</size>
         <input_file_ref idref="fl-40"/>
      </object_component>
      <object_component id="oc-200">
         <name>.debug_line</name>
         <load_address>0x341c</load_address>
         <run_address>0x341c</run_address>
         <size>0x20</size>
         <input_file_ref idref="fl-41"/>
      </object_component>
      <object_component id="oc-106">
         <name>.debug_line</name>
         <load_address>0x343c</load_address>
         <run_address>0x343c</run_address>
         <size>0x5b0</size>
         <input_file_ref idref="fl-41"/>
      </object_component>
      <object_component id="oc-203">
         <name>.debug_line</name>
         <load_address>0x39ec</load_address>
         <run_address>0x39ec</run_address>
         <size>0x53</size>
         <input_file_ref idref="fl-41"/>
      </object_component>
      <object_component id="oc-171">
         <name>.debug_line</name>
         <load_address>0x3a3f</load_address>
         <run_address>0x3a3f</run_address>
         <size>0x391</size>
         <input_file_ref idref="fl-42"/>
      </object_component>
      <object_component id="oc-151">
         <name>.debug_line</name>
         <load_address>0x3dd0</load_address>
         <run_address>0x3dd0</run_address>
         <size>0x47</size>
         <input_file_ref idref="fl-43"/>
      </object_component>
      <object_component id="oc-156">
         <name>.debug_line</name>
         <load_address>0x3e17</load_address>
         <run_address>0x3e17</run_address>
         <size>0x44</size>
         <input_file_ref idref="fl-44"/>
      </object_component>
      <object_component id="oc-14b">
         <name>.debug_line</name>
         <load_address>0x3e5b</load_address>
         <run_address>0x3e5b</run_address>
         <size>0x9f</size>
         <input_file_ref idref="fl-45"/>
      </object_component>
      <object_component id="oc-1ed">
         <name>.debug_line</name>
         <load_address>0x3efa</load_address>
         <run_address>0x3efa</run_address>
         <size>0x20</size>
         <input_file_ref idref="fl-45"/>
      </object_component>
      <object_component id="oc-1e5">
         <name>.debug_line</name>
         <load_address>0x3f1a</load_address>
         <run_address>0x3f1a</run_address>
         <size>0x70</size>
         <input_file_ref idref="fl-46"/>
      </object_component>
      <object_component id="oc-22b">
         <name>.debug_line</name>
         <load_address>0x3f8a</load_address>
         <run_address>0x3f8a</run_address>
         <size>0x20</size>
         <input_file_ref idref="fl-47"/>
      </object_component>
      <object_component id="oc-1e3">
         <name>.debug_line</name>
         <load_address>0x3faa</load_address>
         <run_address>0x3faa</run_address>
         <size>0x33c</size>
         <input_file_ref idref="fl-47"/>
      </object_component>
      <object_component id="oc-221">
         <name>.debug_line</name>
         <load_address>0x42e6</load_address>
         <run_address>0x42e6</run_address>
         <size>0x20</size>
         <input_file_ref idref="fl-47"/>
      </object_component>
      <object_component id="oc-110">
         <name>.debug_frame</name>
         <load_address>0x0</load_address>
         <run_address>0x0</run_address>
         <size>0x134</size>
         <input_file_ref idref="fl-2"/>
      </object_component>
      <object_component id="oc-da">
         <name>.debug_frame</name>
         <load_address>0x134</load_address>
         <run_address>0x134</run_address>
         <size>0x123</size>
         <input_file_ref idref="fl-4"/>
      </object_component>
      <object_component id="oc-fe">
         <name>.debug_frame</name>
         <load_address>0x257</load_address>
         <run_address>0x257</run_address>
         <size>0x1cd</size>
         <input_file_ref idref="fl-5"/>
      </object_component>
      <object_component id="oc-a6">
         <name>.debug_frame</name>
         <load_address>0x424</load_address>
         <run_address>0x424</run_address>
         <size>0x9c</size>
         <input_file_ref idref="fl-6"/>
      </object_component>
      <object_component id="oc-104">
         <name>.debug_frame</name>
         <load_address>0x4c0</load_address>
         <run_address>0x4c0</run_address>
         <size>0x152</size>
         <input_file_ref idref="fl-7"/>
      </object_component>
      <object_component id="oc-2f">
         <name>.debug_frame</name>
         <load_address>0x612</load_address>
         <run_address>0x612</run_address>
         <size>0x38</size>
         <input_file_ref idref="fl-2b"/>
      </object_component>
      <object_component id="oc-1d">
         <name>.debug_frame</name>
         <load_address>0x64a</load_address>
         <run_address>0x64a</run_address>
         <size>0x39</size>
         <input_file_ref idref="fl-2c"/>
      </object_component>
      <object_component id="oc-4f">
         <name>.debug_frame</name>
         <load_address>0x683</load_address>
         <run_address>0x683</run_address>
         <size>0x67</size>
         <input_file_ref idref="fl-2d"/>
      </object_component>
      <object_component id="oc-23">
         <name>.debug_frame</name>
         <load_address>0x6ea</load_address>
         <run_address>0x6ea</run_address>
         <size>0x39</size>
         <input_file_ref idref="fl-2d"/>
      </object_component>
      <object_component id="oc-1b1">
         <name>.debug_frame</name>
         <load_address>0x723</load_address>
         <run_address>0x723</run_address>
         <size>0x3d</size>
         <input_file_ref idref="fl-2f"/>
      </object_component>
      <object_component id="oc-af">
         <name>.debug_frame</name>
         <load_address>0x760</load_address>
         <run_address>0x760</run_address>
         <size>0x39</size>
         <input_file_ref idref="fl-30"/>
      </object_component>
      <object_component id="oc-70">
         <name>.debug_frame</name>
         <load_address>0x799</load_address>
         <run_address>0x799</run_address>
         <size>0x4c</size>
         <input_file_ref idref="fl-30"/>
      </object_component>
      <object_component id="oc-5e">
         <name>.debug_frame</name>
         <load_address>0x7e5</load_address>
[...]
         <object_component_ref idref="oc-105"/>
      </symbol>
      <symbol id="sm-60e">
         <name>McASPTxTimeSlotSet</name>
         <value>0xc001a514</value>
         <object_component_ref idref="oc-105"/>
      </symbol>
      <symbol id="sm-60f">
         <name>McASPTxReset</name>
         <value>0xc0019ea0</value>
         <object_component_ref idref="oc-105"/>
      </symbol>
      <symbol id="sm-610">
         <name>McASPTxClkCfg</name>
         <value>0xc001a0e4</value>
         <object_component_ref idref="oc-105"/>
      </symbol>
      <symbol id="sm-611">
         <name>McASPContextSave</name>
         <value>0xc001aaf8</value>
         <object_component_ref idref="oc-105"/>
      </symbol>
      <symbol id="sm-612">
         <name>McASPPinDirOutputSet</name>
         <value>0xc001a4b8</value>
         <object_component_ref idref="oc-105"/>
      </symbol>
      <symbol id="sm-613">
         <name>McASPSerializerTxSet</name>
         <value>0xc001a384</value>
         <object_component_ref idref="oc-105"/>
      </symbol>
      <symbol id="sm-614">
         <name>McASPRxClkStart</name>
         <value>0xc001a8a8</value>
         <object_component_ref idref="oc-105"/>
      </symbol>
      <symbol id="sm-615">
         <name>McASPTxClkStart</name>
         <value>0xc001a7f0</value>
         <object_component_ref idref="oc-105"/>
      </symbol>
      <symbol id="sm-616">
         <name>McASPTxFmtMaskSet</name>
         <value>0xc0019f58</value>
         <object_component_ref idref="oc-105"/>
      </symbol>
      <symbol id="sm-617">
         <name>McASPRxIntDisable</name>
         <value>0xc001a6f4</value>
         <object_component_ref idref="oc-105"/>
      </symbol>
      <symbol id="sm-618">
         <name>McASPRxReset</name>
         <value>0xc0019eb8</value>
         <object_component_ref idref="oc-105"/>
      </symbol>
      <symbol id="sm-619">
         <name>McASPWriteFifoEnable</name>
         <value>0xc0019ed4</value>
         <object_component_ref idref="oc-105"/>
      </symbol>
      <symbol id="sm-61a">
         <name>McASPPinMcASPSet</name>
         <value>0xc001a48c</value>
         <object_component_ref idref="oc-105"/>
      </symbol>
      <symbol id="sm-61b">
         <name>McASPTxStatusGet</name>
         <value>0xc001aac4</value>
         <object_component_ref idref="oc-105"/>
      </symbol>
      <symbol id="sm-61c">
         <name>McASPTxFrameSyncCfg</name>
         <value>0xc001a084</value>
         <object_component_ref idref="oc-105"/>
      </symbol>
      <symbol id="sm-61d">
         <name>McASPTxClkPolaritySet</name>
         <value>0xc001a238</value>
         <object_component_ref idref="oc-105"/>
      </symbol>
      <symbol id="sm-61e">
         <name>McASPRxStatusGet</name>
         <value>0xc001aae0</value>
         <object_component_ref idref="oc-105"/>
      </symbol>
      <symbol id="sm-61f">
         <name>McASPAMuteDisable</name>
         <value>0xc001a578</value>
         <object_component_ref idref="oc-105"/>
      </symbol>
      <symbol id="sm-620">
         <name>McASPTxIntDisable</name>
         <value>0xc001a6cc</value>
         <object_component_ref idref="oc-105"/>
      </symbol>
      <symbol id="sm-621">
         <name>McASPContextRestore</name>
         <value>0xc001ad2c</value>
         <object_component_ref idref="oc-105"/>
      </symbol>
      <symbol id="sm-622">
         <name>McASPTxBufWrite</name>
         <value>0xc001aaa0</value>
         <object_component_ref idref="oc-105"/>
      </symbol>
      <symbol id="sm-623">
         <name>McASPRxFrameSyncCfg</name>
         <value>0xc001a0b4</value>
         <object_component_ref idref="oc-105"/>
      </symbol>
      <symbol id="sm-624">
         <name>McASPTxSerActivate</name>
         <value>0xc001a724</value>
         <object_component_ref idref="oc-105"/>
      </symbol>
      <symbol id="sm-625">
         <name>McASPRxFmtSet</name>
         <value>0xc0019fb4</value>
         <object_component_ref idref="oc-105"/>
      </symbol>
      <symbol id="sm-626">
         <name>McASPRxFmtMaskSet</name>
         <value>0xc0019f78</value>
         <object_component_ref idref="oc-105"/>
      </symbol>
      <symbol id="sm-627">
         <name>McASPRxHFClkPolaritySet</name>
         <value>0xc001a300</value>
         <object_component_ref idref="oc-105"/>
      </symbol>
      <symbol id="sm-628">
         <name>McASPSerializerInactivate</name>
         <value>0xc001a430</value>
         <object_component_ref idref="oc-105"/>
      </symbol>
      <symbol id="sm-629">
         <name>McASPAMuteEnable</name>
         <value>0xc001a550</value>
         <object_component_ref idref="oc-105"/>
      </symbol>
      <symbol id="sm-62a">
         <name>McASPRxClkCheckConfig</name>
         <value>0xc001a5e4</value>
         <object_component_ref idref="oc-105"/>
      </symbol>
      <symbol id="sm-62b">
         <name>McASPRxTimeSlotSet</name>
         <value>0xc001a534</value>
         <object_component_ref idref="oc-105"/>
      </symbol>
      <symbol id="sm-62c">
         <name>McASPSerializerRxSet</name>
         <value>0xc001a3d8</value>
         <object_component_ref idref="oc-105"/>
      </symbol>
      <symbol id="sm-62d">
         <name>McASPRxClkPolaritySet</name>
         <value>0xc001a278</value>
         <object_component_ref idref="oc-105"/>
      </symbol>
      <symbol id="sm-62e">
         <name>McASPPinGPIOSet</name>
         <value>0xc001a460</value>
         <object_component_ref idref="oc-105"/>
      </symbol>
      <symbol id="sm-62f">
         <name>McASPTxEnable</name>
         <value>0xc001a938</value>
         <object_component_ref idref="oc-105"/>
      </symbol>
      <symbol id="sm-630">
         <name>McASPRxClkCfg</name>
         <value>0xc001a18c</value>
         <object_component_ref idref="oc-105"/>
      </symbol>
      <symbol id="sm-631">
         <name>McASPRxIntEnable</name>
         <value>0xc001a6a0</value>
         <object_component_ref idref="oc-105"/>
      </symbol>
      <symbol id="sm-632">
         <name>McASPTxFmtSet</name>
         <value>0xc0019f94</value>
         <object_component_ref idref="oc-105"/>
      </symbol>
      <symbol id="sm-633">
         <name>McASPTxIntEnable</name>
         <value>0xc001a678</value>
         <object_component_ref idref="oc-105"/>
      </symbol>
      <symbol id="sm-634">
         <name>McASPRxFmtI2SSet</name>
         <value>0xc001a02c</value>
         <object_component_ref idref="oc-105"/>
      </symbol>
      <symbol id="sm-635">
         <name>McASPAMUTEINActivate</name>
         <value>0xc001a628</value>
         <object_component_ref idref="oc-105"/>
      </symbol>
      <symbol id="sm-636">
         <name>McASPTxFmtI2SSet</name>
         <value>0xc0019fd0</value>
         <object_component_ref idref="oc-105"/>
      </symbol>
      <symbol id="sm-637">
         <name>McASPPinDirInputSet</name>
         <value>0xc001a4e8</value>
         <object_component_ref idref="oc-105"/>
      </symbol>
      <symbol id="sm-638">
         <name>McASPTxHFClkPolaritySet</name>
         <value>0xc001a2c0</value>
         <object_component_ref idref="oc-105"/>
      </symbol>
      <symbol id="sm-639">
         <name>McASPRxBufRead</name>
         <value>0xc001aa78</value>
         <object_component_ref idref="oc-105"/>
      </symbol>
      <symbol id="sm-63a">
         <name>McASPRxEnable</name>
         <value>0xc001a9e8</value>
         <object_component_ref idref="oc-105"/>
      </symbol>
      <symbol id="sm-63b">
         <name>McASPTxRxClkSyncEnable</name>
         <value>0xc001a344</value>
         <object_component_ref idref="oc-105"/>
      </symbol>
      <symbol id="sm-64b">
         <name>I2CDMATxEventEnable</name>
         <value>0xc001df34</value>
         <object_component_ref idref="oc-170"/>
      </symbol>
      <symbol id="sm-64c">
         <name>I2CMasterBusBusy</name>
         <value>0xc001dd48</value>
         <object_component_ref idref="oc-170"/>
      </symbol>
      <symbol id="sm-64d">
         <name>I2CMasterIntStatus</name>
         <value>0xc001dcac</value>
         <object_component_ref idref="oc-170"/>
      </symbol>
      <symbol id="sm-64e">
         <name>I2CMasterIntDisableEx</name>
         <value>0xc001dc64</value>
         <object_component_ref idref="oc-170"/>
      </symbol>
      <symbol id="sm-64f">
         <name>I2COwnAddressSet</name>
         <value>0xc001ded0</value>
         <object_component_ref idref="oc-170"/>
      </symbol>
      <symbol id="sm-650">
         <name>I2CDMATxEventDisable</name>
         <value>0xc001df80</value>
         <object_component_ref idref="oc-170"/>
      </symbol>
      <symbol id="sm-651">
         <name>I2CMasterDataPut</name>
         <value>0xc001de38</value>
         <object_component_ref idref="oc-170"/>
      </symbol>
      <symbol id="sm-652">
         <name>I2CSlaveIntDisableEx</name>
         <value>0xc001dc88</value>
         <object_component_ref idref="oc-170"/>
      </symbol>
      <symbol id="sm-653">
         <name>I2CMasterInitExpClk</name>
         <value>0xc001db20</value>
         <object_component_ref idref="oc-170"/>
      </symbol>
      <symbol id="sm-654">
         <name>I2CDMARxEventDisable</name>
         <value>0xc001dfa4</value>
         <object_component_ref idref="oc-170"/>
      </symbol>
      <symbol id="sm-655">
         <name>I2CSlaveIntEnableEx</name>
         <value>0xc001dc40</value>
         <object_component_ref idref="oc-170"/>
      </symbol>
      <symbol id="sm-656">
         <name>I2CSlaveIntClearEx</name>
         <value>0xc001dd18</value>
         <object_component_ref idref="oc-170"/>
      </symbol>
      <symbol id="sm-657">
         <name>I2CSlaveDataGet</name>
         <value>0xc001dea0</value>
         <object_component_ref idref="oc-170"/>
      </symbol>
      <symbol id="sm-658">
         <name>I2CMasterIsBusy</name>
         <value>0xc001dd6c</value>
         <object_component_ref idref="oc-170"/>
      </symbol>
      <symbol id="sm-659">
         <name>I2CSetDataCount</name>
         <value>0xc001deb8</value>
         <object_component_ref idref="oc-170"/>
      </symbol>
      <symbol id="sm-65a">
         <name>I2CSlaveAddressGet</name>
         <value>0xc001df04</value>
         <object_component_ref idref="oc-170"/>
      </symbol>
      <symbol id="sm-65b">
         <name>I2CDMARxEventEnable</name>
         <value>0xc001df58</value>
         <object_component_ref idref="oc-170"/>
      </symbol>
      <symbol id="sm-65c">
         <name>I2CMasterIntClearEx</name>
         <value>0xc001dd04</value>
         <object_component_ref idref="oc-170"/>
      </symbol>
      <symbol id="sm-65d">
         <name>I2CMasterSlaveAddrSet</name>
         <value>0xc001dd30</value>
         <object_component_ref idref="oc-170"/>
      </symbol>
      <symbol id="sm-65e">
         <name>I2CMasterDataGet</name>
         <value>0xc001de60</value>
         <object_component_ref idref="oc-170"/>
      </symbol>
      <symbol id="sm-65f">
         <name>I2CSlaveIntStatus</name>
         <value>0xc001dcc8</value>
         <object_component_ref idref="oc-170"/>
      </symbol>
      <symbol id="sm-660">
         <name>I2CSlaveDataPut</name>
         <value>0xc001de78</value>
         <object_component_ref idref="oc-170"/>
      </symbol>
      <symbol id="sm-661">
         <name>I2CMasterIntEnableEx</name>
         <value>0xc001dc18</value>
         <object_component_ref idref="oc-170"/>
      </symbol>
      <symbol id="sm-662">
         <name>I2CMasterErr</name>
         <value>0xc001de10</value>
         <object_component_ref idref="oc-170"/>
      </symbol>
      <symbol id="sm-663">
         <name>I2CMasterStart</name>
         <value>0xc001ddb8</value>
         <object_component_ref idref="oc-170"/>
      </symbol>
      <symbol id="sm-664">
         <name>I2CMasterStop</name>
         <value>0xc001ddd8</value>
         <object_component_ref idref="oc-170"/>
      </symbol>
      <symbol id="sm-665">
         <name>I2CMasterControl</name>
         <value>0xc001dd90</value>
         <object_component_ref idref="oc-170"/>
      </symbol>
      <symbol id="sm-666">
         <name>I2CDMATxRxEventDisable</name>
         <value>0xc001df20</value>
         <object_component_ref idref="oc-170"/>
      </symbol>
      <symbol id="sm-667">
         <name>I2CSlaveIntStatusEx</name>
         <value>0xc001dce4</value>
         <object_component_ref idref="oc-170"/>
      </symbol>
      <symbol id="sm-668">
         <name>I2CInterruptVectorGet</name>
         <value>0xc001dee8</value>
         <object_component_ref idref="oc-170"/>
      </symbol>
      <symbol id="sm-669">
         <name>I2CMasterEnable</name>
         <value>0xc001dbc0</value>
         <object_component_ref idref="oc-170"/>
      </symbol>
      <symbol id="sm-66a">
         <name>I2CStatusClear</name>
         <value>0xc001ddf8</value>
         <object_component_ref idref="oc-170"/>
      </symbol>
      <symbol id="sm-66b">
         <name>I2CMasterDisable</name>
         <value>0xc001dbf8</value>
         <object_component_ref idref="oc-170"/>
      </symbol>
      <symbol id="sm-674">
         <name>__c6xabi_divu</name>
         <value>0xc001f340</value>
         <object_component_ref idref="oc-14d"/>
      </symbol>
      <symbol id="sm-675">
         <name>__divu</name>
         <value>0xc001f340</value>
         <object_component_ref idref="oc-14d"/>
      </symbol>
      <symbol id="sm-67e">
         <name>__remu</name>
         <value>0xc001fea0</value>
         <object_component_ref idref="oc-152"/>
      </symbol>
      <symbol id="sm-67f">
         <name>__c6xabi_remu</name>
         <value>0xc001fea0</value>
         <object_component_ref idref="oc-152"/>
      </symbol>
      <symbol id="sm-697">
         <name>UARTConsoleGetc</name>
         <value>0xc001fb60</value>
         <object_component_ref idref="oc-147"/>
      </symbol>
      <symbol id="sm-698">
         <name>UARTConsolePutc</name>
         <value>0xc001fb38</value>
         <object_component_ref idref="oc-147"/>
      </symbol>
      <symbol id="sm-699">
         <name>UARTConsoleInit</name>
         <value>0xc001fb00</value>
         <object_component_ref idref="oc-147"/>
      </symbol>
      <symbol id="sm-6a8">
         <name>UARTPinMuxSetup</name>
         <value>0xc001f1c0</value>
         <object_component_ref idref="oc-1e4"/>
      </symbol>
      <symbol id="sm-6d0">
         <name>UARTCharPutNonBlocking</name>
         <value>0xc001d888</value>
         <object_component_ref idref="oc-1de"/>
      </symbol>
      <symbol id="sm-6d1">
         <name>UARTDMAEnable</name>
         <value>0xc001d6ec</value>
         <object_component_ref idref="oc-1de"/>
      </symbol>
      <symbol id="sm-6d2">
         <name>UARTFIFODisable</name>
         <value>0xc001d7f4</value>
         <object_component_ref idref="oc-1de"/>
      </symbol>
      <symbol id="sm-6d3">
         <name>UARTModemControlSet</name>
         <value>0xc001da38</value>
         <object_component_ref idref="oc-1de"/>
      </symbol>
      <symbol id="sm-6d4">
         <name>UARTConfigSetExpClk</name>
         <value>0xc001d5a0</value>
         <object_component_ref idref="oc-1de"/>
      </symbol>
      <symbol id="sm-6d5">
         <name>UARTDisable</name>
         <value>0xc001d7b4</value>
         <object_component_ref idref="oc-1de"/>
      </symbol>
      <symbol id="sm-6d6">
         <name>UARTIntEnable</name>
         <value>0xc001d988</value>
         <object_component_ref idref="oc-1de"/>
      </symbol>
      <symbol id="sm-6d7">
         <name>UARTCharsAvail</name>
         <value>0xc001d838</value>
         <object_component_ref idref="oc-1de"/>
      </symbol>
      <symbol id="sm-6d8">
         <name>UARTCharGetNonBlocking</name>
         <value>0xc001d8c8</value>
         <object_component_ref idref="oc-1de"/>
      </symbol>
      <symbol id="sm-6d9">
         <name>UARTModemStatusGet</name>
         <value>0xc001dae4</value>
         <object_component_ref idref="oc-1de"/>
      </symbol>
      <symbol id="sm-6da">
         <name>UARTIntDisable</name>
         <value>0xc001d9b0</value>
         <object_component_ref idref="oc-1de"/>
      </symbol>
      <symbol id="sm-6db">
         <name>UARTCharPut</name>
         <value>0xc001d930</value>
         <object_component_ref idref="oc-1de"/>
      </symbol>
      <symbol id="sm-6dc">
         <name>UARTParityModeSet</name>
         <value>0xc001d72c</value>
         <object_component_ref idref="oc-1de"/>
      </symbol>
      <symbol id="sm-6dd">
         <name>UARTRxErrorGet</name>
         <value>0xc001d868</value>
         <object_component_ref idref="oc-1de"/>
      </symbol>
      <symbol id="sm-6de">
         <name>UARTConfigGetExpClk</name>
         <value>0xc001d634</value>
         <object_component_ref idref="oc-1de"/>
      </symbol>
      <symbol id="sm-6df">
         <name>UARTEnable</name>
         <value>0xc001d798</value>
         <object_component_ref idref="oc-1de"/>
      </symbol>
      <symbol id="sm-6e0">
         <name>UARTModemControlGet</name>
         <value>0xc001dac4</value>
         <object_component_ref idref="oc-1de"/>
      </symbol>
      <symbol id="sm-6e1">
         <name>UARTFIFOEnable</name>
         <value>0xc001d7e0</value>
         <object_component_ref idref="oc-1de"/>
      </symbol>
      <symbol id="sm-6e2">
         <name>UARTIntStatus</name>
         <value>0xc001d9d8</value>
         <object_component_ref idref="oc-1de"/>
      </symbol>
      <symbol id="sm-6e3">
         <name>UARTDMADisable</name>
         <value>0xc001d70c</value>
         <object_component_ref idref="oc-1de"/>
      </symbol>
      <symbol id="sm-6e4">
         <name>UARTSpaceAvail</name>
         <value>0xc001d80c</value>
         <object_component_ref idref="oc-1de"/>
      </symbol>
      <symbol id="sm-6e5">
         <name>UARTCharGet</name>
         <value>0xc001d8f4</value>
         <object_component_ref idref="oc-1de"/>
      </symbol>
      <symbol id="sm-6e6">
         <name>UARTFIFOLevelSet</name>
         <value>0xc001d6c8</value>
         <object_component_ref idref="oc-1de"/>
      </symbol>
      <symbol id="sm-6e7">
         <name>UARTModemControlClear</name>
         <value>0xc001da90</value>
         <object_component_ref idref="oc-1de"/>
      </symbol>
      <symbol id="sm-6e8">
         <name>UARTParityModeGet</name>
         <value>0xc001d774</value>
         <object_component_ref idref="oc-1de"/>
      </symbol>
      <symbol id="sm-6e9">
         <name>UARTBreakCtl</name>
         <value>0xc001da04</value>
         <object_component_ref idref="oc-1de"/>
      </symbol>
      <symbol id="sm-6ea">
         <name>__TI_STATIC_BASE</name>
         <value>0xc001800c</value>
      </symbol>
      <symbol id="sm-6ee">
         <name>__TI_INITARRAY_Limit</name>
         <value>0x0</value>
      </symbol>
      <symbol id="sm-6ef">
         <name>__TI_INITARRAY_Base</name>
         <value>0x0</value>
      </symbol>
      <symbol id="sm-6f0">
         <name>__TI_TLS_INIT_Base</name>
         <value>0x0</value>
      </symbol>
      <symbol id="sm-6f1">
         <name>__TI_TLS_INIT_Limit</name>
         <value>0x0</value>
      </symbol>
   </symbol_table>
   <title>Link successful</title>
</link_info>
